#CRY01#
#CRY02#
#CRY03#
#CRY04#
#AARGH01#
#AARGH02#
#AARGH03#
#BREATH01#
#BREATH02#
#BREATH03#
#CLICK01#
#CLICK02#
#MMM01#
#MMM02#
#MMM03#
#LAUGH01#
#LAUGH02#
#LAUGH03#
#SLEEP01#
#SLEEP02#
#WHISTLE01#
#WHISTLE02#
#SNEEZE01#
#SNEEZE02#
#YAWN01#
#YAWN02#
#COUGH01#
#COUGH02#
#SWALLOW01#
#SWALLOW02#
#THROAT01#
#THROAT02#
#THROAT03#
#COW#
#PIG#
#DOG#
#SHEEP#
#CAT#
#FROG#
#DUCK#
#LION#
#SNAKE#
#ROAR01#	(S)
#ROAR02#	(S)
#AMBULANCE_SIREN#	(S)
#BEAR#	(S)
#BEE#	(S)
#BIRD#	(S)
#CAR_HORN#	(S)
#CAR_REVVING#	(S)
#CHICKEN#	(S)
#CROW#	(S)
#DONKEY#	(S)
#ELEPHANT#	(S)
#FIRE_SIREN#	(S)
#GOAT#	(S)
#GOOSE#	(S)
#HORSE#	(S)
#MONKEY#	(S)
#MOUSE#	(S)
#POLICE_SIREN#	(S)
#ROOSTER#	(S)
#TRAIN#	(S)
#WOLF#	(S)
#DADDY_ANGRY#	(S)
#DADDY_CALLING#	(S)
#DADDY_QUESTIONING#	(S)
#DADDY_WHEEDLING#	(S)
#DADDY_WHINING#	(S)
#DAD_ANGRY#	(S)
#DAD_CALLING#	(S)
#DAD_QUESTIONING#	(S)
#DAD_WHEEDLING#	(S)
#DAD_WHINING#	(S)
#MUMMY_ANGRY#	(S)
#MUMMY_CALLING#	(S)
#MUMMY_QUESTIONING#	(S)
#MUMMY_WHEEDLING#	(S)
#MUMMY_WHINING#	(S)
#MUM_ANGRY#	(S)
#MUM_CALLING#	(S)
#MUM_QUESTIONING#	(S)
#MUM_WHEEDLING#	(S)
#MUM_WHINING#	(S)
#b#	(S)
#t#	(S)
#t_h#	(S)
#4#	(S)
#p#	(S)
#p_h#	(S)
#d#	(S)
#k#	(S)
#k_h#	(S)
#g#	(S)
#m#	(S)
#n#	(S)
#r#	(S)
#l#	(S)
#N#	(S)
#f#	(S)
#v#	(S)
#s#	(S)
#z#	(S)
#S#	(S)
#tS#	(S)
#Z#	(S)
#dZ#	(S)
#D#	(S)
#T#	(S)
#w#	(S)
#j#	(S)
#h#	(S)
#r=#	(S)
#A#	(S)
#O#	(S)
#I#	(S)
#i#	(S)
#u#	(S)
#V#	(S)
#U#	(S)
#{#	(S)
#E#	(S)
#@#	(S)
#EI#	(S)
#AI#	(S)
#OI#	(S)
#@U#	(S)
#aU#	(S)
#?#	(S)
