Absolutely!
Action!
Ah!
Amazing!
Applause!
Bang!
Bingo!
Boo!
Boom!
Bravo!
Brilliant!
Cheers!
Come!
Correct!
Courage!
Crack!
Damned!
Disastrous!
Earthquake!
Easy!
Eh!
Enjoy!
Everything!
Fair!
Fast!
Flash!
Go!
Goal!
Goodbye!
Goodness!
Great!
Guaranteed!
Guilty!
Ha!
Haha!
Hey!
Hi!
Hilarious!
Honestly!
Hooray!
Horrible!
Hot!
Idiot!
Impossible!
Impressive!
Incredible!
Kiss!
Listen!
Look!
Maybe!
No!
Nope!
Nothing!
Oh!
Oops!
Ouch!
Perfect!
Please!
Quick!
Really!
Ridiculous!
Right!
Run!
Seriously!
Shocking!
Sigh!
Sorry!
Stop!
Sure!
Surprise!
Thanks!
Victory!
Wait!
Welcome!
Well!
What!
Whatever!
Whoa!
Whoops!
Wonderful!
Wow!
Yahoo!
Yeah!
Yes!
Hello!
Bye Bye!
Thank you!
See you!
Good morning!
Yep!
Jeez!
Dammit!
Jesus Christ!
No way!
Thank goodness!
For goodness' sake!
Good grief!
Fantastic!
Oh great!
Good!
Of course!
Bye!
Oh Lord!
So what!
Shut up!
Come on!
Yum yum!
Yummie!
Sheesh!
Excuse me!
Shit!
Good night!
Morning!
Huh!
Oi!
Uh-huh!
Eh Eh!
Hmm!
Mmm!
Erm!
Er!
Ehm!
Um!
Uh!
Em!
Ahem!
Shh!
Psst!
Tut-tut!
Tsk-tsk!
Ugh!
Argh!
Phew!
Whew!
Awwwwww!
